[Licensing::Module] Trying to connect to existing licensing client channel...
[Licensing::IpcConnector] Successfully connected to the License Client on channel: "LicenseClient-Kadin" at "2026-06-05T18:05:55.6395698Z"
[Licensing::Client] Error: Code 10 while verifying Licensing Client signature (process Id: 14584, path: "C:/Program Files/Unity Hub/UnityLicensingClient_V1/Unity.Licensing.Client.exe")
[Licensing::Module] Error: LicensingClient has failed validation; ignoring
[Licensing::Client] Handshaking with LicensingClient:
  Version:                 1.17.4+4293ba1
  Session Id:              a15834f505ae4dd0a576eafdcd5c9aa6
  Correlation Id:          0fccc82fc51fe1557149e885b60c1adc
  External correlation Id: 6303079839985939336
  Machine Id:              z5g8MVohS+1/egKUvrmr9sbwxUI=
[Licensing::Module] Successfully connected to LicensingClient on channel: "LicenseClient-Kadin" (connect: 0.00s, validation: 0.01s, handshake: 0.02s)
[Licensing::IpcConnector] Successfully connected to the License Notification on channel: "LicenseClient-Kadin-notifications" at "2026-06-05T18:05:55.6667637Z"
[Licensing::Module] Error: Access token is unavailable; failed to update
[Licensing::Client] Successfully updated license
Built from '6000.0/staging' branch; Version is '6000.0.40f1 (157d81624ddf) revision 1408385'; Using compiler version '193933523'; Build Type 'Release'
OS: 'Windows 10  (10.0.19045) 64bit Professional' Language: 'pt' Physical Memory: 32508 MB
[Licensing::Client] Successfully resolved entitlement details
[Licensing::Module] Serial number assigned to: "4673236579714-UnityPersXXXX"
BatchMode: 1, IsHumanControllingUs: 0, StartBugReporterOnCrash: 0, Is64bit: 1, IsPro: 0
[Licensing::Client] Successfully resolved entitlement details

COMMAND LINE ARGUMENTS:
C:\Program Files\Unity\Hub\Editor\6000.0.40f1\Editor\Unity.exe
-batchmode
-quit
-projectPath
E:\Trabalho\GitHub\Landmass-Generator
-logFile
E:\Trabalho\GitHub\Landmass-Generator\compile.log
Successfully changed project path to: E:\Trabalho\GitHub\Landmass-Generator
E:/Trabalho/GitHub/Landmass-Generator
It looks like another Unity instance is running with this project open.

Multiple Unity instances cannot open the same project.

Project: E:/Trabalho/GitHub/Landmass-Generator
Fatal Error! It looks like another Unity instance is running with this project open.

Multiple Unity instances cannot open the same project.

Project: E:/Trabalho/GitHub/Landmass-Generator
Crash!!!
SymInit: Symbol-SearchPath: 'C:/Program Files/Unity/Hub/Editor/6000.0.40f1/Editor/Data/Mono;.;E:\Trabalho\GitHub\Landmass-Generator;E:\Trabalho\GitHub\Landmass-Generator\Library\BurstCache\JIT;C:\Program Files\Unity\Hub\Editor\6000.0.40f1\Editor;C:\Windows;C:\Windows\system32;', symOptions: 534, UserName: 'Kadin'
OS-Version: 10.0.0
C:\Program Files\Unity\Hub\Editor\6000.0.40f1\Editor\Unity.exe:Unity.exe (00007FF7880D0000), size: 299008 (result: 0), SymType: '-deferred-', PDB: '', fileVersion: 6000.0.40.32129
C:\Windows\SYSTEM32\ntdll.dll:ntdll.dll (00007FFE3F090000), size: 2064384 (result: 0), SymType: '-deferred-', PDB: '', fileVersion: 10.0.19041.6456
C:\Windows\System32\KERNEL32.DLL:KERNEL32.DLL (00007FFE3D570000), size: 794624 (result: 0), SymType: '-deferred-', PDB: '', fileVersion: 10.0.19041.5915
C:\Windows\System32\KERNELBASE.dll:KERNELBASE.dll (00007FFE3CC90000), size: 3104768 (result: 0), SymType: '-deferred-', PDB: '', fileVersion: 10.0.19041.6280
C:\Windows\System32\USER32.dll:USER32.dll (00007FFE3E120000), size: 1708032 (result: 0), SymType: '-deferred-', PDB: '', fileVersion: 10.0.19041.6456
C:\Windows\System32\win32u.dll:win32u.dll (00007FFE3D030000), size: 139264 (result: 0), SymType: '-deferred-', PDB: '', fileVersion: 10.0.19041.6456
C:\Windows\System32\GDI32.dll:GDI32.dll (00007FFE3D710000), size: 176128 (result: 0), SymType: '-deferred-', PDB: '', fileVersion: 10.0.19041.6157
C:\Windows\System32\gdi32full.dll:gdi32full.dll (00007FFE3CB70000), size: 1150976 (result: 0), SymType: '-deferred-', PDB: '', fileVersion: 10.0.19041.6157
C:\Windows\System32\msvcp_win.dll:msvcp_win.dll (00007FFE3CF90000), size: 643072 (result: 0), SymType: '-deferred-', PDB: '', fileVersion: 10.0.19041.3636
C:\Windows\System32\ucrtbase.dll:ucrtbase.dll (00007FFE3CA70000), size: 1048576 (result: 0), SymType: '-deferred-', PDB: '', fileVersion: 10.0.19041.3636
C:\Windows\System32\IMM32.DLL:IMM32.DLL (00007FFE3E540000), size: 192512 (result: 0), SymType: '-deferred-', PDB: '', fileVersion: 10.0.19041.6157
C:\Program Files\Unity\Hub\Editor\6000.0.40f1\Editor\Unity.dll:Unity.dll (00007FFD99220000), size: 87097344 (result: 0), SymType: '-deferred-', PDB: '', fileVersion: 6000.0.40.32129
C:\Windows\System32\CRYPT32.dll:CRYPT32.dll (00007FFE3C7D0000), size: 1429504 (result: 0), SymType: '-deferred-', PDB: '', fileVersion: 10.0.19041.6157
C:\Windows\System32\ADVAPI32.dll:ADVAPI32.dll (00007FFE3D4B0000), size: 724992 (result: 0), SymType: '-deferred-', PDB: '', fileVersion: 10.0.19041.6328
C:\Windows\System32\msvcrt.dll:msvcrt.dll (00007FFE3E4A0000), size: 647168 (result: 0), SymType: '-deferred-', PDB: '', fileVersion: 7.0.19041.3636
C:\Windows\System32\sechost.dll:sechost.dll (00007FFE3D0B0000), size: 651264 (result: 0), SymType: '-deferred-', PDB: '', fileVersion: 10.0.19041.6328
C:\Program Files\Unity\Hub\Editor\6000.0.40f1\Editor\libfbxsdk.dll:libfbxsdk.dll (00007FFDE6E40000), size: 8019968 (result: 0), SymType: '-deferred-', PDB: '', fileVersion: 2020.3.7.0
C:\Windows\System32\RPCRT4.dll:RPCRT4.dll (00007FFE3EDA0000), size: 1179648 (result: 0), SymType: '-deferred-', PDB: '', fileVersion: 10.0.19041.6280
C:\Program Files\Unity\Hub\Editor\6000.0.40f1\Editor\s3tcompress.dll:s3tcompress.dll (00007FFE156D0000), size: 180224 (result: 0), SymType: '-deferred-', PDB: ''
C:\Windows\System32\bcrypt.dll:bcrypt.dll (00007FFE3CA40000), size: 159744 (result: 0), SymType: '-deferred-', PDB: '', fileVersion: 10.0.19041.5369
C:\Program Files\Unity\Hub\Editor\6000.0.40f1\Editor\etccompress.dll:etccompress.dll (00007FFDE6960000), size: 5070848 (result: 0), SymType: '-deferred-', PDB: ''
C:\Windows\System32\ole32.dll:ole32.dll (00007FFE3EEC0000), size: 1224704 (result: 0), SymType: '-deferred-', PDB: '', fileVersion: 10.0.19041.5915
C:\Program Files\Unity\Hub\Editor\6000.0.40f1\Editor\ispc_texcomp.dll:ispc_texcomp.dll (00007FFDEF5B0000), size: 1826816 (result: 0), SymType: '-deferred-', PDB: ''
C:\Windows\System32\combase.dll:combase.dll (00007FFE3D150000), size: 3489792 (result: 0), SymType: '-deferred-', PDB: '', fileVersion: 10.0.19041.6456
C:\Program Files\Unity\Hub\Editor\6000.0.40f1\Editor\compress_bc7e.dll:compress_bc7e.dll (00007FFDEE520000), size: 1433600 (result: 0), SymType: '-deferred-', PDB: ''
C:\Program Files\Unity\Hub\Editor\6000.0.40f1\Editor\FreeImage.dll:FreeImage.dll (0000000180000000), size: 5783552 (result: 0), SymType: '-deferred-', PDB: '', fileVersion: 3.18.0.0
C:\Windows\System32\SETUPAPI.dll:SETUPAPI.dll (00007FFE3D810000), size: 4653056 (result: 0), SymType: '-deferred-', PDB: '', fileVersion: 10.0.19041.5794
C:\Windows\System32\cfgmgr32.dll:cfgmgr32.dll (00007FFE3D060000), size: 319488 (result: 0), SymType: '-deferred-', PDB: '', fileVersion: 10.0.19041.3996
C:\Program Files\Unity\Hub\Editor\6000.0.40f1\Editor\WinPixEventRuntime.dll:WinPixEventRuntime.dll (00007FFE31220000), size: 53248 (result: 0), SymType: '-deferred-', PDB: '', fileVersion: 1.0.2201.24001
C:\Windows\System32\WS2_32.dll:WS2_32.dll (00007FFE3D6A0000), size: 438272 (result: 0), SymType: '-deferred-', PDB: '', fileVersion: 10.0.19041.3636
C:\Windows\System32\SHELL32.dll:SHELL32.dll (00007FFE3E570000), size: 7798784 (result: 0), SymType: '-deferred-', PDB: '', fileVersion: 10.0.19041.6456
C:\Program Files\Unity\Hub\Editor\6000.0.40f1\Editor\umbraoptimizer64.dll:umbraoptimizer64.dll (00007FFDEBA70000), size: 1187840 (result: 0), SymType: '-deferred-', PDB: ''
C:\Windows\System32\SHLWAPI.dll:SHLWAPI.dll (00007FFE3D640000), size: 372736 (result: 0), SymType: '-deferred-', PDB: '', fileVersion: 10.0.19041.6392
C:\Windows\System32\OLEAUT32.dll:OLEAUT32.dll (00007FFE3D740000), size: 839680 (result: 0), SymType: '-deferred-', PDB: '', fileVersion: 10.0.19041.3636
C:\Windows\System32\WINTRUST.dll:WINTRUST.dll (00007FFE3C930000), size: 471040 (result: 0), SymType: '-deferred-', PDB: '', fileVersion: 10.0.19041.6456
C:\Windows\SYSTEM32\MSVCP140.dll:MSVCP140.dll (00007FFE15310000), size: 557056 (result: 0), SymType: '-deferred-', PDB: '', fileVersion: 14.50.35719.0
C:\Windows\SYSTEM32\VCRUNTIME140.dll:VCRUNTIME140.dll (00007FFE30070000), size: 122880 (result: 0), SymType: '-deferred-', PDB: '', fileVersion: 14.50.35719.0
C:\Windows\SYSTEM32\VCRUNTIME140_1.dll:VCRUNTIME140_1.dll (00007FFE30860000), size: 45056 (result: 0), SymType: '-deferred-', PDB: '', fileVersion: 14.50.35719.0
C:\Windows\SYSTEM32\d3d12.dll:d3d12.dll (00007FFE1B710000), size: 151552 (result: 0), SymType: '-deferred-', PDB: '', fileVersion: 10.0.19041.5794
C:\Windows\SYSTEM32\dwmapi.dll:dwmapi.dll (00007FFE3A3D0000), size: 188416 (result: 0), SymType: '-deferred-', PDB: '', fileVersion: 10.0.19041.6157
C:\Windows\SYSTEM32\dxgi.dll:dxgi.dll (00007FFE3AFA0000), size: 1007616 (result: 0), SymType: '-deferred-', PDB: '', fileVersion: 10.0.19041.5794
C:\Windows\SYSTEM32\d3d11.dll:d3d11.dll (00007FFE37560000), size: 2506752 (result: 0), SymType: '-deferred-', PDB: '', fileVersion: 10.0.19041.5794
C:\Windows\SYSTEM32\HID.DLL:HID.DLL (00007FFE3AF60000), size: 53248 (result: 0), SymType: '-deferred-', PDB: '', fileVersion: 10.0.19041.3636
C:\Windows\SYSTEM32\IPHLPAPI.DLL:IPHLPAPI.DLL (00007FFE3BB40000), size: 241664 (result: 0), SymType: '-deferred-', PDB: '', fileVersion: 10.0.19041.3636
C:\Windows\SYSTEM32\OPENGL32.dll:OPENGL32.dll (00007FFDED7C0000), size: 1212416 (result: 0), SymType: '-deferred-', PDB: '', fileVersion: 10.0.19041.5794
C:\Windows\SYSTEM32\WINHTTP.dll:WINHTTP.dll (00007FFE35D30000), size: 1089536 (result: 0), SymType: '-deferred-', PDB: '', fileVersion: 10.0.19041.5794
C:\Windows\SYSTEM32\WINMM.dll:WINMM.dll (00007FFE33000000), size: 159744 (result: 0), SymType: '-deferred-', PDB: '', fileVersion: 10.0.19041.3636
C:\Windows\SYSTEM32\GLU32.dll:GLU32.dll (00007FFE15700000), size: 180224 (result: 0), SymType: '-deferred-', PDB: '', fileVersion: 10.0.19041.3636
C:\Program Files\Unity\Hub\Editor\6000.0.40f1\Editor\SketchUpAPI.dll:SketchUpAPI.dll (00007FFDE60C0000), size: 8990720 (result: 0), SymType: '-deferred-', PDB: '', fileVersion: 23.0.0.0
C:\Windows\SYSTEM32\VERSION.dll:VERSION.dll (00007FFE36400000), size: 40960 (result: 0), SymType: '-deferred-', PDB: '', fileVersion: 10.0.19041.3636
C:\Program Files\Unity\Hub\Editor\6000.0.40f1\Editor\NativeProxyHelper.dll:NativeProxyHelper.dll (00007FFDEBBA0000), size: 1789952 (result: 0), SymType: '-deferred-', PDB: ''
C:\Windows\SYSTEM32\WSOCK32.dll:WSOCK32.dll (00007FFE225F0000), size: 36864 (result: 0), SymType: '-deferred-', PDB: '', fileVersion: 10.0.19041.1
C:\Windows\SYSTEM32\kernel.appcore.dll:kernel.appcore.dll (00007FFE3A5B0000), size: 73728 (result: 0), SymType: '-deferred-', PDB: '', fileVersion: 10.0.19041.3758
C:\Windows\SYSTEM32\Secur32.dll:Secur32.dll (00007FFE24E70000), size: 49152 (result: 0), SymType: '-deferred-', PDB: '', fileVersion: 10.0.19041.3636
C:\Program Files\Unity\Hub\Editor\6000.0.40f1\Editor\SketchUpCommonPreferences.dll:SketchUpCommonPreferences.dll (00007FFE15090000), size: 499712 (result: 0), SymType: '-deferred-', PDB: '', fileVersion: 23.0.0.0
C:\Windows\SYSTEM32\SSPICLI.DLL:SSPICLI.DLL (00007FFE3C5D0000), size: 204800 (result: 0), SymType: '-deferred-', PDB: '', fileVersion: 10.0.19041.6328
C:\Program Files\Unity\Hub\Editor\6000.0.40f1\Editor\OpenRL.dll:OpenRL.dll (00000194755E0000), size: 12779520 (result: 0), SymType: '-deferred-', PDB: '', fileVersion: 1.5.0.2907
C:\Windows\SYSTEM32\MSVCR100.dll:MSVCR100.dll (0000000070230000), size: 860160 (result: 0), SymType: '-deferred-', PDB: '', fileVersion: 10.0.40219.325
C:\Windows\SYSTEM32\MSVCP100.dll:MSVCP100.dll (0000000070310000), size: 622592 (result: 0), SymType: '-deferred-', PDB: '', fileVersion: 10.0.40219.325
C:\Program Files\Unity\Hub\Editor\6000.0.40f1\Editor\embree.dll:embree.dll (00007FFDD10F0000), size: 16711680 (result: 0), SymType: '-deferred-', PDB: '', fileVersion: 2.14.0.0
C:\Windows\SYSTEM32\MSWSOCK.DLL:MSWSOCK.DLL (00007FFE3BEB0000), size: 434176 (result: 0), SymType: '-deferred-', PDB: '', fileVersion: 10.0.19041.5915
C:\Program Files\Unity\Hub\Editor\6000.0.40f1\Editor\tbb.dll:tbb.dll (00007FFE149A0000), size: 303104 (result: 0), SymType: '-deferred-', PDB: '', fileVersion: 2020.3.2022.1111
C:\Program Files\Unity\Hub\Editor\6000.0.40f1\Editor\OpenRL_pthread.dll:OpenRL_pthread.dll (0000019476230000), size: 61440 (result: 0), SymType: '-deferred-', PDB: '', fileVersion: 2.9.0.0
C:\Windows\SYSTEM32\MSASN1.dll:MSASN1.dll (00007FFE3C2E0000), size: 73728 (result: 0), SymType: '-deferred-', PDB: '', fileVersion: 10.0.19041.3636
C:\Windows\System32\bcryptprimitives.dll:bcryptprimitives.dll (00007FFE3C9B0000), size: 532480 (result: 0), SymType: '-deferred-', PDB: '', fileVersion: 10.0.19041.5007
C:\Windows\system32\uxtheme.dll:uxtheme.dll (00007FFE3A020000), size: 647168 (result: 0), SymType: '-deferred-', PDB: '', fileVersion: 10.0.19041.5794
C:\Windows\SYSTEM32\windows.storage.dll:windows.storage.dll (00007FFE3A7B0000), size: 8015872 (result: 0), SymType: '-deferred-', PDB: '', fileVersion: 10.0.19041.6456
C:\Windows\SYSTEM32\Wldp.dll:Wldp.dll (00007FFE3C150000), size: 176128 (result: 0), SymType: '-deferred-', PDB: '', fileVersion: 10.0.19041.5794
C:\Windows\System32\SHCORE.dll:SHCORE.dll (00007FFE3ECE0000), size: 708608 (result: 0), SymType: '-deferred-', PDB: '', fileVersion: 10.0.19041.5794
C:\Windows\SYSTEM32\profapi.dll:profapi.dll (00007FFE3C650000), size: 147456 (result: 0), SymType: '-deferred-', PDB: '', fileVersion: 10.0.19041.6033
C:\Windows\SYSTEM32\CRYPTSP.dll:CRYPTSP.dll (00007FFE3C0B0000), size: 98304 (result: 0), SymType: '-deferred-', PDB: '', fileVersion: 10.0.19041.5856
C:\Windows\system32\rsaenh.dll:rsaenh.dll (00007FFE3B760000), size: 229376 (result: 0), SymType: '-deferred-', PDB: '', fileVersion: 10.0.19041.6093
C:\Windows\SYSTEM32\CRYPTBASE.dll:CRYPTBASE.dll (00007FFE3C0A0000), size: 49152 (result: 0), SymType: '-deferred-', PDB: '', fileVersion: 10.0.19041.3636
C:\Windows\System32\imagehlp.dll:imagehlp.dll (00007FFE3E480000), size: 118784 (result: 0), SymType: '-deferred-', PDB: '', fileVersion: 10.0.19041.3636
C:\Windows\SYSTEM32\gpapi.dll:gpapi.dll (00007FFE3AF70000), size: 143360 (result: 0), SymType: '-deferred-', PDB: '', fileVersion: 10.0.19041.4355
C:\Windows\System32\cryptnet.dll:cryptnet.dll (00007FFE35C80000), size: 200704 (result: 0), SymType: '-deferred-', PDB: '', fileVersion: 10.0.19041.3636
C:\Windows\SYSTEM32\WINNSI.DLL:WINNSI.DLL (00007FFE36990000), size: 45056 (result: 0), SymType: '-deferred-', PDB: '', fileVersion: 10.0.19041.3636
C:\Windows\System32\NSI.dll:NSI.dll (00007FFE3ED90000), size: 32768 (result: 0), SymType: '-deferred-', PDB: '', fileVersion: 10.0.19041.3636
C:\Windows\system32\IconCodecService.dll:IconCodecService.dll (00007FFE24610000), size: 36864 (result: 0), SymType: '-deferred-', PDB: '', fileVersion: 10.0.19041.1
C:\Windows\SYSTEM32\WindowsCodecs.dll:WindowsCodecs.dll (00007FFE39DD0000), size: 1794048 (result: 0), SymType: '-deferred-', PDB: '', fileVersion: 10.0.19041.6456
C:\Windows\System32\clbcatq.dll:clbcatq.dll (00007FFE3DC90000), size: 692224 (result: 0), SymType: '-deferred-', PDB: '', fileVersion: 2001.12.10941.16384
C:\Windows\System32\netprofm.dll:netprofm.dll (00007FFE394A0000), size: 258048 (result: 0), SymType: '-deferred-', PDB: '', fileVersion: 10.0.19041.4355
C:\Windows\System32\npmproxy.dll:npmproxy.dll (00007FFE35AD0000), size: 65536 (result: 0), SymType: '-deferred-', PDB: '', fileVersion: 10.0.19041.4239
C:\Windows\SYSTEM32\dbghelp.dll:dbghelp.dll (00007FFE326A0000), size: 2101248 (result: 0), SymType: '-deferred-', PDB: '', fileVersion: 10.0.19041.5848

========== OUTPUTTING STACK TRACE ==================

0x00007FFE3CCB5369 (KERNELBASE) RaiseException
0x00007FFD9ADBF0E5 (Unity) EditorMonoConsole::LogToConsoleImplementation
0x00007FFD9ADBFDAA (Unity) EditorMonoConsole::LogToConsoleImplementation
0x00007FFD9BA72A6D (Unity) DebugStringToFilePostprocessedStacktrace
0x00007FFD9BA71E08 (Unity) DebugStringToFile
0x00007FFD9AEC6E16 (Unity) HandleProjectAlreadyOpenInAnotherInstance
0x00007FFD9AEC8D4E (Unity) Application::InitializeProject
0x00007FFD9B4D31B5 (Unity) UnityMain
0x00007FF7880D2FBA (Unity) __scrt_common_main_seh
0x00007FFE3D587374 (KERNEL32) BaseThreadInitThunk
0x00007FFE3F0DCC91 (ntdll) RtlUserThreadStart

========== END OF STACKTRACE ===========

A crash has been intercepted by the crash handler. For call stack and other details, see the latest crash report generated in:
 * C:/Users/Kadin/AppData/Local/Temp/Unity/Editor/Crashes
